c:\users\karpsadamori\documents\visual studio 2017\projects\h11890 dll libusb-1.0\workspace\ver0_11\h11890api\h11890api\x64\release\h11890api.pch
c:\users\karpsadamori\documents\visual studio 2017\projects\h11890 dll libusb-1.0\workspace\ver0_11\h11890api\h11890api\x64\release\vc141.pdb
c:\users\karpsadamori\documents\visual studio 2017\projects\h11890 dll libusb-1.0\workspace\ver0_11\h11890api\h11890api\x64\release\stdafx.obj
c:\users\karpsadamori\documents\visual studio 2017\projects\h11890 dll libusb-1.0\workspace\ver0_11\h11890api\h11890api\x64\release\h11890api.obj
c:\users\karpsadamori\documents\visual studio 2017\projects\h11890 dll libusb-1.0\workspace\ver0_11\h11890api\h11890api\x64\release\dllmain.obj
c:\users\karpsadamori\documents\visual studio 2017\projects\h11890 dll libusb-1.0\workspace\ver0_11\h11890api\x64\release\h11890api.lib
c:\users\karpsadamori\documents\visual studio 2017\projects\h11890 dll libusb-1.0\workspace\ver0_11\h11890api\x64\release\h11890api.exp
c:\users\karpsadamori\documents\visual studio 2017\projects\h11890 dll libusb-1.0\workspace\ver0_11\h11890api\x64\release\h11890api.ipdb
c:\users\karpsadamori\documents\visual studio 2017\projects\h11890 dll libusb-1.0\workspace\ver0_11\h11890api\x64\release\h11890api.iobj
c:\users\karpsadamori\documents\visual studio 2017\projects\h11890 dll libusb-1.0\workspace\ver0_11\h11890api\x64\release\h11890api.dll
c:\users\karpsadamori\documents\visual studio 2017\projects\h11890 dll libusb-1.0\workspace\ver0_11\h11890api\x64\release\h11890api.pdb
c:\users\karpsadamori\documents\visual studio 2017\projects\h11890 dll libusb-1.0\workspace\ver0_11\h11890api\h11890api\x64\release\h11890api.res
c:\users\karpsadamori\documents\visual studio 2017\projects\h11890 dll libusb-1.0\workspace\ver0_11\h11890api\h11890api\x64\release\h11890api.tlog\cl.command.1.tlog
c:\users\karpsadamori\documents\visual studio 2017\projects\h11890 dll libusb-1.0\workspace\ver0_11\h11890api\h11890api\x64\release\h11890api.tlog\cl.read.1.tlog
c:\users\karpsadamori\documents\visual studio 2017\projects\h11890 dll libusb-1.0\workspace\ver0_11\h11890api\h11890api\x64\release\h11890api.tlog\cl.write.1.tlog
c:\users\karpsadamori\documents\visual studio 2017\projects\h11890 dll libusb-1.0\workspace\ver0_11\h11890api\h11890api\x64\release\h11890api.tlog\h11890api.write.1u.tlog
c:\users\karpsadamori\documents\visual studio 2017\projects\h11890 dll libusb-1.0\workspace\ver0_11\h11890api\h11890api\x64\release\h11890api.tlog\link.command.1.tlog
c:\users\karpsadamori\documents\visual studio 2017\projects\h11890 dll libusb-1.0\workspace\ver0_11\h11890api\h11890api\x64\release\h11890api.tlog\link.delete.1.tlog
c:\users\karpsadamori\documents\visual studio 2017\projects\h11890 dll libusb-1.0\workspace\ver0_11\h11890api\h11890api\x64\release\h11890api.tlog\link.read.1.tlog
c:\users\karpsadamori\documents\visual studio 2017\projects\h11890 dll libusb-1.0\workspace\ver0_11\h11890api\h11890api\x64\release\h11890api.tlog\link.write.1.tlog
c:\users\karpsadamori\documents\visual studio 2017\projects\h11890 dll libusb-1.0\workspace\ver0_11\h11890api\h11890api\x64\release\h11890api.tlog\rc.command.1.tlog
c:\users\karpsadamori\documents\visual studio 2017\projects\h11890 dll libusb-1.0\workspace\ver0_11\h11890api\h11890api\x64\release\h11890api.tlog\rc.read.1.tlog
c:\users\karpsadamori\documents\visual studio 2017\projects\h11890 dll libusb-1.0\workspace\ver0_11\h11890api\h11890api\x64\release\h11890api.tlog\rc.write.1.tlog
